../Drivers/CMSIS/Include/core_cm7.h:2229:22:SCB_EnableICache	1
../Drivers/CMSIS/Include/core_cm7.h:2281:22:SCB_EnableDCache	3
../Core/Src/main.c:100:10:RGB565_CONVERT	1
../Core/Src/main.c:181:10:Read_AM2320	4
../Core/Src/main.c:117:5:main	7
../Core/Src/main.c:214:10:ILI9341_Draw_Custom_Image	6
../Core/Src/main.c:229:10:clear_display	1
../Core/Src/main.c:232:10:display1	22
../Core/Src/main.c:305:10:display2	7
../Core/Src/main.c:371:6:SystemClock_Config	4
../Core/Src/main.c:424:10:CRC16_2	4
../Core/Src/main.c:446:6:Error_Handler	1
