12:46:32 **** Incremental Build of configuration Debug for project LAB6 ****
make -j16 all 
arm-none-eabi-gcc "../Core/Src/tim.c" -mcpu=cortex-m7 -std=gnu11 -g3 -DDEBUG -DUSE_HAL_DRIVER -DSTM32F767xx -c -I../Core/Inc -I../Drivers/STM32F7xx_HAL_Driver/Inc -I../Drivers/STM32F7xx_HAL_Driver/Inc/Legacy -I../Drivers/CMSIS/Device/ST/STM32F7xx/Include -I../Drivers/CMSIS/Include -O0 -ffunction-sections -fdata-sections -Wall -fstack-usage -fcyclomatic-complexity -MMD -MP -MF"Core/Src/tim.d" -MT"Core/Src/tim.o" --specs=nano.specs -mfpu=fpv5-d16 -mfloat-abi=hard -mthumb -o "Core/Src/tim.o"
arm-none-eabi-gcc -o "LAB6.elf" @"objects.list"   -mcpu=cortex-m7 -T"E:\3rd_Year\MAD\Lab\LAB6\STM32F767ZITX_FLASH.ld" --specs=nosys.specs -Wl,-Map="LAB6.map" -Wl,--gc-sections -static --specs=nano.specs -mfpu=fpv5-d16 -mfloat-abi=hard -mthumb -Wl,--start-group -lc -lm -Wl,--end-group
Finished building target: LAB6.elf
 
arm-none-eabi-size  LAB6.elf 
arm-none-eabi-objdump -h -S LAB6.elf  > "LAB6.list"
   text	   data	    bss	    dec	    hex	filename
  17492	     92	   2196	  19780	   4d44	LAB6.elf
Finished building: default.size.stdout
 
Finished building: LAB6.list
 
12:46:39 **** Incremental Build of configuration Debug for project LAB6 ****
make -j16 all 
arm-none-eabi-size  LAB6.elf 
   text	   data	    bss	    dec	    hex	filename
  17492	     92	   2196	  19780	   4d44	LAB6.elf
Finished building: default.size.stdout
 
12:57:27 **** Incremental Build of configuration Debug for project LAB6 ****
make -j16 all 
arm-none-eabi-gcc "../Core/Src/stm32f7xx_it.c" -mcpu=cortex-m7 -std=gnu11 -g3 -DDEBUG -DUSE_HAL_DRIVER -DSTM32F767xx -c -I../Core/Inc -I../Drivers/STM32F7xx_HAL_Driver/Inc -I../Drivers/STM32F7xx_HAL_Driver/Inc/Legacy -I../Drivers/CMSIS/Device/ST/STM32F7xx/Include -I../Drivers/CMSIS/Include -O0 -ffunction-sections -fdata-sections -Wall -fstack-usage -fcyclomatic-complexity -MMD -MP -MF"Core/Src/stm32f7xx_it.d" -MT"Core/Src/stm32f7xx_it.o" --specs=nano.specs -mfpu=fpv5-d16 -mfloat-abi=hard -mthumb -o "Core/Src/stm32f7xx_it.o"
arm-none-eabi-gcc -o "LAB6.elf" @"objects.list"   -mcpu=cortex-m7 -T"E:\3rd_Year\MAD\Lab\LAB6\STM32F767ZITX_FLASH.ld" --specs=nosys.specs -Wl,-Map="LAB6.map" -Wl,--gc-sections -static --specs=nano.specs -mfpu=fpv5-d16 -mfloat-abi=hard -mthumb -Wl,--start-group -lc -lm -Wl,--end-group
Finished building target: LAB6.elf
 
arm-none-eabi-size  LAB6.elf 
arm-none-eabi-objdump -h -S LAB6.elf  > "LAB6.list"
   text	   data	    bss	    dec	    hex	filename
  17492	     92	   2196	  19780	   4d44	LAB6.elf
Finished building: default.size.stdout
 
Finished building: LAB6.list
 
12:57:30 **** Incremental Build of configuration Debug for project Lab01 ****
make -j16 all 
arm-none-eabi-size  Lab01.elf 
   text	   data	    bss	    dec	    hex	filename
   6968	     12	   1580	   8560	   2170	Lab01.elf
Finished building: default.size.stdout
 
12:57:30 **** Incremental Build of configuration Debug for project Lab3 ****
make -j16 all 
arm-none-eabi-size  Lab3.elf 
   text	   data	    bss	    dec	    hex	filename
  15616	     92	   2036	  17744	   4550	Lab3.elf
Finished building: default.size.stdout
 
12:57:31 **** Incremental Build of configuration Debug for project Lab4 ****
make -j16 all 
arm-none-eabi-size  Lab4.elf 
   text	   data	    bss	    dec	    hex	filename
  12264	     12	   1708	  13984	   36a0	Lab4.elf
Finished building: default.size.stdout
 
12:57:31 **** Incremental Build of configuration Debug for project Lab5 ****
make -j16 all 
arm-none-eabi-size  Lab5.elf 
   text	   data	    bss	    dec	    hex	filename
  27108	    468	   2236	  29812	   7474	Lab5.elf
Finished building: default.size.stdout
 
12:57:32 **** Incremental Build of configuration Debug for project Lab_Duo ****
make -j16 all 
arm-none-eabi-size  Lab_Duo.elf 
   text	   data	    bss	    dec	    hex	filename
  19288	     92	   2508	  21888	   5580	Lab_Duo.elf
Finished building: default.size.stdout
 
12:57:36 **** Incremental Build of configuration Debug for project LAB6 ****
make -j16 all 
arm-none-eabi-size  LAB6.elf 
   text	   data	    bss	    dec	    hex	filename
  17492	     92	   2196	  19780	   4d44	LAB6.elf
Finished building: default.size.stdout
 
13:09:02 **** Incremental Build of configuration Debug for project LAB6 ****
make -j16 all 
arm-none-eabi-gcc "../Core/Src/stm32f7xx_it.c" -mcpu=cortex-m7 -std=gnu11 -g3 -DDEBUG -DUSE_HAL_DRIVER -DSTM32F767xx -c -I../Core/Inc -I../Drivers/STM32F7xx_HAL_Driver/Inc -I../Drivers/STM32F7xx_HAL_Driver/Inc/Legacy -I../Drivers/CMSIS/Device/ST/STM32F7xx/Include -I../Drivers/CMSIS/Include -O0 -ffunction-sections -fdata-sections -Wall -fstack-usage -fcyclomatic-complexity -MMD -MP -MF"Core/Src/stm32f7xx_it.d" -MT"Core/Src/stm32f7xx_it.o" --specs=nano.specs -mfpu=fpv5-d16 -mfloat-abi=hard -mthumb -o "Core/Src/stm32f7xx_it.o"
arm-none-eabi-gcc "../Core/Src/tim.c" -mcpu=cortex-m7 -std=gnu11 -g3 -DDEBUG -DUSE_HAL_DRIVER -DSTM32F767xx -c -I../Core/Inc -I../Drivers/STM32F7xx_HAL_Driver/Inc -I../Drivers/STM32F7xx_HAL_Driver/Inc/Legacy -I../Drivers/CMSIS/Device/ST/STM32F7xx/Include -I../Drivers/CMSIS/Include -O0 -ffunction-sections -fdata-sections -Wall -fstack-usage -fcyclomatic-complexity -MMD -MP -MF"Core/Src/tim.d" -MT"Core/Src/tim.o" --specs=nano.specs -mfpu=fpv5-d16 -mfloat-abi=hard -mthumb -o "Core/Src/tim.o"
arm-none-eabi-gcc -o "LAB6.elf" @"objects.list"   -mcpu=cortex-m7 -T"E:\3rd_Year\MAD\Lab\LAB6\STM32F767ZITX_FLASH.ld" --specs=nosys.specs -Wl,-Map="LAB6.map" -Wl,--gc-sections -static --specs=nano.specs -mfpu=fpv5-d16 -mfloat-abi=hard -mthumb -Wl,--start-group -lc -lm -Wl,--end-group
Finished building target: LAB6.elf
 
arm-none-eabi-size  LAB6.elf 
arm-none-eabi-objdump -h -S LAB6.elf  > "LAB6.list"
   text	   data	    bss	    dec	    hex	filename
  17496	     92	   2196	  19784	   4d48	LAB6.elf
Finished building: default.size.stdout
 
Finished building: LAB6.list
 
